Archive member included to satisfy reference by file (symbol)

d:/mrs/mounriver/mounriver_studio/toolchain/risc-v embedded gcc/bin/../lib/gcc/riscv-none-embed/8.2.0/rv32imac/ilp32\libgcc.a(addsf3.o)
                              ./User/PWM.o (__addsf3)
d:/mrs/mounriver/mounriver_studio/toolchain/risc-v embedded gcc/bin/../lib/gcc/riscv-none-embed/8.2.0/rv32imac/ilp32\libgcc.a(divsf3.o)
                              ./User/PWM.o (__divsf3)
d:/mrs/mounriver/mounriver_studio/toolchain/risc-v embedded gcc/bin/../lib/gcc/riscv-none-embed/8.2.0/rv32imac/ilp32\libgcc.a(mulsf3.o)
                              ./User/PWM.o (__mulsf3)
d:/mrs/mounriver/mounriver_studio/toolchain/risc-v embedded gcc/bin/../lib/gcc/riscv-none-embed/8.2.0/rv32imac/ilp32\libgcc.a(fixunssfsi.o)
                              ./User/PWM.o (__fixunssfsi)
d:/mrs/mounriver/mounriver_studio/toolchain/risc-v embedded gcc/bin/../lib/gcc/riscv-none-embed/8.2.0/rv32imac/ilp32\libgcc.a(_clzsi2.o)
                              d:/mrs/mounriver/mounriver_studio/toolchain/risc-v embedded gcc/bin/../lib/gcc/riscv-none-embed/8.2.0/rv32imac/ilp32\libgcc.a(addsf3.o) (__clzsi2)
d:/mrs/mounriver/mounriver_studio/toolchain/risc-v embedded gcc/bin/../lib/gcc/riscv-none-embed/8.2.0/rv32imac/ilp32\libgcc.a(_clz.o)
                              d:/mrs/mounriver/mounriver_studio/toolchain/risc-v embedded gcc/bin/../lib/gcc/riscv-none-embed/8.2.0/rv32imac/ilp32\libgcc.a(_clzsi2.o) (__clz_tab)
d:/mrs/mounriver/mounriver_studio/toolchain/risc-v embedded gcc/bin/../lib/gcc/riscv-none-embed/8.2.0/../../../../riscv-none-embed/lib/rv32imac/ilp32\libg_nano.a(lib_a-memset.o)
                              ./User/lcd.o (memset)
d:/mrs/mounriver/mounriver_studio/toolchain/risc-v embedded gcc/bin/../lib/gcc/riscv-none-embed/8.2.0/../../../../riscv-none-embed/lib/rv32imac/ilp32\libg_nano.a(lib_a-printf.o)
                              ./User/lcd.o (printf)
d:/mrs/mounriver/mounriver_studio/toolchain/risc-v embedded gcc/bin/../lib/gcc/riscv-none-embed/8.2.0/../../../../riscv-none-embed/lib/rv32imac/ilp32\libg_nano.a(lib_a-strcmp.o)
                              ./User/main.o (strcmp)
d:/mrs/mounriver/mounriver_studio/toolchain/risc-v embedded gcc/bin/../lib/gcc/riscv-none-embed/8.2.0/../../../../riscv-none-embed/lib/rv32imac/ilp32\libg_nano.a(lib_a-strlen.o)
                              ./User/usart2.o (strlen)
d:/mrs/mounriver/mounriver_studio/toolchain/risc-v embedded gcc/bin/../lib/gcc/riscv-none-embed/8.2.0/../../../../riscv-none-embed/lib/rv32imac/ilp32\libg_nano.a(lib_a-vsnprintf.o)
                              ./User/lcd.o (vsnprintf)
d:/mrs/mounriver/mounriver_studio/toolchain/risc-v embedded gcc/bin/../lib/gcc/riscv-none-embed/8.2.0/../../../../riscv-none-embed/lib/rv32imac/ilp32\libg_nano.a(lib_a-vsprintf.o)
                              ./User/usart2.o (vsprintf)
d:/mrs/mounriver/mounriver_studio/toolchain/risc-v embedded gcc/bin/../lib/gcc/riscv-none-embed/8.2.0/../../../../riscv-none-embed/lib/rv32imac/ilp32\libg_nano.a(lib_a-findfp.o)
                              d:/mrs/mounriver/mounriver_studio/toolchain/risc-v embedded gcc/bin/../lib/gcc/riscv-none-embed/8.2.0/../../../../riscv-none-embed/lib/rv32imac/ilp32\libg_nano.a(lib_a-printf.o) (__sinit)
d:/mrs/mounriver/mounriver_studio/toolchain/risc-v embedded gcc/bin/../lib/gcc/riscv-none-embed/8.2.0/../../../../riscv-none-embed/lib/rv32imac/ilp32\libg_nano.a(lib_a-fwalk.o)
                              d:/mrs/mounriver/mounriver_studio/toolchain/risc-v embedded gcc/bin/../lib/gcc/riscv-none-embed/8.2.0/../../../../riscv-none-embed/lib/rv32imac/ilp32\libg_nano.a(lib_a-findfp.o) (_fwalk)
d:/mrs/mounriver/mounriver_studio/toolchain/risc-v embedded gcc/bin/../lib/gcc/riscv-none-embed/8.2.0/../../../../riscv-none-embed/lib/rv32imac/ilp32\libg_nano.a(lib_a-impure.o)
                              d:/mrs/mounriver/mounriver_studio/toolchain/risc-v embedded gcc/bin/../lib/gcc/riscv-none-embed/8.2.0/../../../../riscv-none-embed/lib/rv32imac/ilp32\libg_nano.a(lib_a-findfp.o) (_global_impure_ptr)
d:/mrs/mounriver/mounriver_studio/toolchain/risc-v embedded gcc/bin/../lib/gcc/riscv-none-embed/8.2.0/../../../../riscv-none-embed/lib/rv32imac/ilp32\libg_nano.a(lib_a-nano-mallocr.o)
                              d:/mrs/mounriver/mounriver_studio/toolchain/risc-v embedded gcc/bin/../lib/gcc/riscv-none-embed/8.2.0/../../../../riscv-none-embed/lib/rv32imac/ilp32\libg_nano.a(lib_a-findfp.o) (_malloc_r)
d:/mrs/mounriver/mounriver_studio/toolchain/risc-v embedded gcc/bin/../lib/gcc/riscv-none-embed/8.2.0/../../../../riscv-none-embed/lib/rv32imac/ilp32\libg_nano.a(lib_a-nano-svfprintf.o)
                              d:/mrs/mounriver/mounriver_studio/toolchain/risc-v embedded gcc/bin/../lib/gcc/riscv-none-embed/8.2.0/../../../../riscv-none-embed/lib/rv32imac/ilp32\libg_nano.a(lib_a-vsnprintf.o) (_svfprintf_r)
[...]
Memory Configuration

Name             Origin             Length             Attributes
FLASH            0x0000000000000000 0x0000000000048000 xr
RAM              0x0000000020000000 0x0000000000008000 xrw
*default*        0x0000000000000000 0xffffffffffffffff

Linker script and memory map

LOAD ./User/PWM.o
LOAD ./User/ch32v30x_it.o
LOAD ./User/display.o
LOAD ./User/key.o
LOAD ./User/lcd.o
LOAD ./User/main.o
LOAD ./User/system_ch32v30x.o
LOAD ./User/usart2.o
LOAD ./Startup/startup_ch32v30x_D8C.o
LOAD ./Peripheral/src/ch32v30x_adc.o
LOAD ./Peripheral/src/ch32v30x_bkp.o
LOAD ./Peripheral/src/ch32v30x_can.o
LOAD ./Peripheral/src/ch32v30x_crc.o
LOAD ./Peripheral/src/ch32v30x_dac.o
LOAD ./Peripheral/src/ch32v30x_dbgmcu.o
LOAD ./Peripheral/src/ch32v30x_dma.o
LOAD ./Peripheral/src/ch32v30x_dvp.o
LOAD ./Peripheral/src/ch32v30x_eth.o
LOAD ./Peripheral/src/ch32v30x_exti.o
LOAD ./Peripheral/src/ch32v30x_flash.o
LOAD ./Peripheral/src/ch32v30x_fsmc.o
LOAD ./Peripheral/src/ch32v30x_gpio.o
LOAD ./Peripheral/src/ch32v30x_i2c.o
LOAD ./Peripheral/src/ch32v30x_iwdg.o
LOAD ./Peripheral/src/ch32v30x_misc.o
LOAD ./Peripheral/src/ch32v30x_opa.o
LOAD ./Peripheral/src/ch32v30x_pwr.o
LOAD ./Peripheral/src/ch32v30x_rcc.o
LOAD ./Peripheral/src/ch32v30x_rng.o
LOAD ./Peripheral/src/ch32v30x_rtc.o
LOAD ./Peripheral/src/ch32v30x_sdio.o
LOAD ./Peripheral/src/ch32v30x_spi.o
LOAD ./Peripheral/src/ch32v30x_tim.o
LOAD ./Peripheral/src/ch32v30x_usart.o
LOAD ./Peripheral/src/ch32v30x_wwdg.o
LOAD ./Debug/debug.o
LOAD ./Core/core_riscv.o
LOAD d:/mrs/mounriver/mounriver_studio/toolchain/risc-v embedded gcc/bin/../lib/gcc/riscv-none-embed/8.2.0/rv32imac/ilp32\libgcc.a
LOAD d:/mrs/mounriver/mounriver_studio/toolchain/risc-v embedded gcc/bin/../lib/gcc/riscv-none-embed/8.2.0/../../../../riscv-none-embed/lib/rv32imac/ilp32\libg_nano.a
LOAD d:/mrs/mounriver/mounriver_studio/toolchain/risc-v embedded gcc/bin/../lib/gcc/riscv-none-embed/8.2.0/../../../../riscv-none-embed/lib/rv32imac/ilp32\libc_nano.a
LOAD d:/mrs/mounriver/mounriver_studio/toolchain/risc-v embedded gcc/bin/../lib/gcc/riscv-none-embed/8.2.0/rv32imac/ilp32\libgcc.a
START GROUP
LOAD d:/mrs/mounriver/mounriver_studio/toolchain/risc-v embedded gcc/bin/../lib/gcc/riscv-none-embed/8.2.0/rv32imac/ilp32\libgcc.a
LOAD d:/mrs/mounriver/mounriver_studio/toolchain/risc-v embedded gcc/bin/../lib/gcc/riscv-none-embed/8.2.0/../../../../riscv-none-embed/lib/rv32imac/ilp32\libc_nano.a
LOAD d:/mrs/mounriver/mounriver_studio/toolchain/risc-v embedded gcc/bin/../lib/gcc/riscv-none-embed/8.2.0/../../../../riscv-none-embed/lib/rv32imac/ilp32\libnosys.a
END GROUP
START GROUP
LOAD d:/mrs/mounriver/mounriver_studio/toolchain/risc-v embedded gcc/bin/../lib/gcc/riscv-none-embed/8.2.0/rv32imac/ilp32\libgcc.a
LOAD d:/mrs/mounriver/mounriver_studio/toolchain/risc-v embedded gcc/bin/../lib/gcc/riscv-none-embed/8.2.0/../../../../riscv-none-embed/lib/rv32imac/ilp32\libc_nano.a
LOAD d:/mrs/mounriver/mounriver_studio/toolchain/risc-v embedded gcc/bin/../lib/gcc/riscv-none-embed/8.2.0/../../../../riscv-none-embed/lib/rv32imac/ilp32\libnosys.a
END GROUP
                0x0000000000000800                __stack_size = 0x800
                [!provide]                        PROVIDE (_stack_size = __stack_size)

.init           0x0000000000000000       0x38
                0x0000000000000000                _sinit = .
                0x0000000000000000                . = ALIGN (0x4)
 *(SORT_NONE(.init))
 .init          0x0000000000000000       0x38 ./Startup/startup_ch32v30x_D8C.o
                0x0000000000000000                _start
                0x0000000000000038                . = ALIGN (0x4)
                0x0000000000000038                _einit = .

.vector         0x0000000000000038      0x1c8
 *(.vector)
 .vector        0x0000000000000038      0x1a0 ./Startup/startup_ch32v30x_D8C.o
                0x0000000000000200                . = ALIGN (0x40)
 *fill*         0x00000000000001d8       0x28 

.text           0x0000000000000200     0x7d5c
                0x0000000000000200                . = ALIGN (0x4)
 *(.text)
 .text          0x0000000000000200       0xa8 d:/mrs/mounriver/mounriver_studio/toolchain/risc-v embedded gcc/bin/../lib/gcc/riscv-none-embed/8.2.0/../../../../riscv-none-embed/lib/rv32imac/ilp32\libg_nano.a(lib_a-memset.o)
                0x0000000000000200                memset
 .text          0x00000000000002a8      0x11e d:/mrs/mounriver/mounriver_studio/toolchain/risc-v embedded gcc/bin/../lib/gcc/riscv-none-embed/8.2.0/../../../../riscv-none-embed/lib/rv32imac/ilp32\libg_nano.a(lib_a-strcmp.o)
                0x00000000000002a8                strcmp
 *(.text.*)
 .text.initPwm  0x00000000000003c6       0xc2 ./User/PWM.o
                0x00000000000003c6                initPwm
 .text.Servo_SetAngle
                0x0000000000000488       0x42 ./User/PWM.o
                0x0000000000000488                Servo_SetAngle
 .text.Open_door
                0x00000000000004ca       0x20 ./User/PWM.o
                0x00000000000004ca                Open_door
 .text.NMI_Handler
                0x00000000000004ea        0x4 ./User/ch32v30x_it.o
                0x00000000000004ea                NMI_Handler
 .text.HardFault_Handler
                0x00000000000004ee        0x2 ./User/ch32v30x_it.o
                0x00000000000004ee                HardFault_Handler
 .text.Display_keyboard
                0x00000000000004f0      0x174 ./User/display.o
                0x00000000000004f0                Display_keyboard
 .text.Display_BlinkLine
                0x0000000000000664       0x80 ./User/display.o
                0x0000000000000664                Display_BlinkLine
 .text.Clear_Line
                0x00000000000006e4       0x32 ./User/display.o
                0x00000000000006e4                Clear_Line
 .text.Display_EnterNum
                0x0000000000000716      0x186 ./User/display.o
                0x0000000000000716                Display_EnterNum
 .text.EXTI_INT_INIT
                0x000000000000089c      0x11e ./User/key.o
                0x000000000000089c                EXTI_INT_INIT
 .text.EXTI0_IRQHandler
                0x00000000000009ba       0x42 ./User/key.o
                0x00000000000009ba                EXTI0_IRQHandler
 .text.EXTI1_IRQHandler
                0x00000000000009fc       0x30 ./User/key.o
                0x00000000000009fc                EXTI1_IRQHandler
 .text.EXTI2_IRQHandler
                0x0000000000000a2c       0x30 ./User/key.o
                0x0000000000000a2c                EXTI2_IRQHandler
 .text.EXTI3_IRQHandler
                0x0000000000000a5c       0x30 ./User/key.o
                0x0000000000000a5c                EXTI3_IRQHandler
 .text.EXTI4_IRQHandler
                0x0000000000000a8c       0x46 ./User/key.o
                0x0000000000000a8c                EXTI4_IRQHandler
 .text.EXTI9_5_IRQHandler
                0x0000000000000ad2       0x7c ./User/key.o
                0x0000000000000ad2                EXTI9_5_IRQHandler
 .text.EXTI15_10_IRQHandler
                0x0000000000000b4e       0x18 ./User/key.o
                0x0000000000000b4e                EXTI15_10_IRQHandler
 .text.LCD_WriteHalfWord
                0x0000000000000b66       0x16 ./User/lcd.o
                0x0000000000000b66                LCD_WriteHalfWord
 .text.LCD_ReadData
                0x0000000000000b7c       0x1a ./User/lcd.o
                0x0000000000000b7c                LCD_ReadData
 .text.LCD_FSMCInit
                0x0000000000000b96      0x126 ./User/lcd.o
                0x0000000000000b96                LCD_FSMCInit
 .text.LCD_GPIOInit
                0x0000000000000cbc       0x96 ./User/lcd.o
                0x0000000000000cbc                LCD_GPIOInit
 .text.LCD_SetBrightness
                0x0000000000000d52       0x1c ./User/lcd.o
                0x0000000000000d52                LCD_SetBrightness
 .text.LCD_ConvertColor
                0x0000000000000d6e       0x1e ./User/lcd.o
                0x0000000000000d6e                LCD_ConvertColor
 .text.LCD_SetColor
                0x0000000000000d8c        0xe ./User/lcd.o
                0x0000000000000d8c                LCD_SetColor
 .text.LCD_AddressSetWrite
                0x0000000000000d9a       0x5e ./User/lcd.o
                0x0000000000000d9a                LCD_AddressSetWrite
 .text.LCD_AddressSetRead
                0x0000000000000df8       0x5e ./User/lcd.o
                0x0000000000000df8                LCD_AddressSetRead
 .text.LCD_Clear
                0x0000000000000e56       0x4c ./User/lcd.o
                0x0000000000000e56                LCD_Clear
 .text.LCD_Init
                0x0000000000000ea2      0x1f2 ./User/lcd.o
                0x0000000000000ea2                LCD_Init
 .text.LCD_Fill
                0x0000000000001094       0x4c ./User/lcd.o
                0x0000000000001094                LCD_Fill
 .text.LCD_ShowChar
                0x00000000000010e0      0x390 ./User/lcd.o
                0x00000000000010e0                LCD_ShowChar
 .text.LCD_ShowString
                0x0000000000001470       0xd4 ./User/lcd.o
                0x0000000000001470                LCD_ShowString
 .text.LCD_ShowNum
                0x0000000000001544       0x12 ./User/lcd.o
                0x0000000000001544                LCD_ShowNum
 .text.USARTx_CFG
                0x0000000000001556       0x88 ./User/main.o
                0x0000000000001556                USARTx_CFG
 .text.DMA_INIT
                0x00000000000015de       0x7e ./User/main.o
                0x00000000000015de                DMA_INIT
 .text.GPIO_CFG
                0x000000000000165c       0x32 ./User/main.o
                0x000000000000165c                GPIO_CFG
 .text.uartReadBLE
                0x000000000000168e       0x80 ./User/main.o
                0x000000000000168e                uartReadBLE
 .text.uartAvailableBLE
                0x000000000000170e       0x34 ./User/main.o
                0x000000000000170e                uartAvailableBLE
 .text.TIM7_IRQHandler
                0x0000000000001742       0x44 ./User/main.o
                0x0000000000001742                TIM7_IRQHandler
 .text.startup.main
                0x0000000000001786      0x1ce ./User/main.o
                0x0000000000001786                main
 .text.SystemInit
                0x0000000000001954       0xfa ./User/system_ch32v30x.o
                0x0000000000001954                SystemInit
 .text.USART3_IRQHandler
                0x0000000000001a4e       0xa0 ./User/usart2.o
                0x0000000000001a4e                USART3_IRQHandler
 .text.vector_handler
                0x0000000000001aee       0xbe ./Startup/startup_ch32v30x_D8C.o
                0x0000000000001af2                Ecall_M_Mode_Handler
                0x0000000000001af4                Ecall_U_Mode_Handler
                0x0000000000001af6                Break_Point_Handler
                0x0000000000001af8                SysTick_Handler
                0x0000000000001afa                SW_Handler
                0x0000000000001afc                WWDG_IRQHandler
                0x0000000000001afe                PVD_IRQHandler
                0x0000000000001b00                TAMPER_IRQHandler
                0x0000000000001b02                RTC_IRQHandler
                0x0000000000001b04                FLASH_IRQHandler
                0x0000000000001b06                RCC_IRQHandler
                0x0000000000001b12                DMA1_Channel1_IRQHandler
                0x0000000000001b14                DMA1_Channel2_IRQHandler
                0x0000000000001b16                DMA1_Channel3_IRQHandler
                0x0000000000001b18                DMA1_Channel4_IRQHandler
                0x0000000000001b1a                DMA1_Channel5_IRQHandler
                0x0000000000001b1c                DMA1_Channel6_IRQHandler
                0x0000000000001b1e                DMA1_Channel7_IRQHandler
                0x0000000000001b20                ADC1_2_IRQHandler
                0x0000000000001b22                USB_HP_CAN1_TX_IRQHandler
                0x0000000000001b24                USB_LP_CAN1_RX0_IRQHandler
                0x0000000000001b26                CAN1_RX1_IRQHandler
                0x0000000000001b28                CAN1_SCE_IRQHandler
                0x0000000000001b2c                TIM1_BRK_IRQHandler
                0x0000000000001b2e                TIM1_UP_IRQHandler
                0x0000000000001b30                TIM1_TRG_COM_IRQHandler
                0x0000000000001b32                TIM1_CC_IRQHandler
                0x0000000000001b34                TIM2_IRQHandler
                0x0000000000001b36                TIM3_IRQHandler
                0x0000000000001b38                TIM4_IRQHandler
                0x0000000000001b3a                I2C1_EV_IRQHandler
                0x0000000000001b3c                I2C1_ER_IRQHandler
                0x0000000000001b3e                I2C2_EV_IRQHandler
                0x0000000000001b40                I2C2_ER_IRQHandler
                0x0000000000001b42                SPI1_IRQHandler
                0x0000000000001b44                SPI2_IRQHandler
                0x0000000000001b46                USART1_IRQHandler
                0x0000000000001b48                USART2_IRQHandler
                0x0000000000001b4e                RTCAlarm_IRQHandler
                0x0000000000001b50                USBWakeUp_IRQHandler
                0x0000000000001b52                TIM8_BRK_IRQHandler
                0x0000000000001b54                TIM8_UP_IRQHandler
                0x0000000000001b56                TIM8_TRG_COM_IRQHandler
                0x0000000000001b58                TIM8_CC_IRQHandler
                0x0000000000001b5a                RNG_IRQHandler
                0x0000000000001b5c                FSMC_IRQHandler
                0x0000000000001b5e                SDIO_IRQHandler
                0x0000000000001b60                TIM5_IRQHandler
                0x0000000000001b62                SPI3_IRQHandler
                0x0000000000001b64                UART4_IRQHandler
                0x0000000000001b66                UART5_IRQHandler
                0x0000000000001b68                TIM6_IRQHandler
                0x0000000000001b6c                DMA2_Channel1_IRQHandler
                0x0000000000001b6e                DMA2_Channel2_IRQHandler
                0x0000000000001b70                DMA2_Channel3_IRQHandler
                0x0000000000001b72                DMA2_Channel4_IRQHandler
                0x0000000000001b74                DMA2_Channel5_IRQHandler
                0x0000000000001b76                ETH_IRQHandler
                0x0000000000001b78                ETH_WKUP_IRQHandler
                0x0000000000001b7a                CAN2_TX_IRQHandler
                0x0000000000001b7c                CAN2_RX0_IRQHandler
                0x0000000000001b7e                CAN2_RX1_IRQHandler
                0x0000000000001b80                CAN2_SCE_IRQHandler
                0x0000000000001b82                OTG_FS_IRQHandler
                0x0000000000001b84                USBHSWakeup_IRQHandler
                0x0000000000001b86                USBHS_IRQHandler
                0x0000000000001b88                DVP_IRQHandler
                0x0000000000001b8a                UART6_IRQHandler
                0x0000000000001b8c                UART7_IRQHandler
                0x0000000000001b8e                UART8_IRQHandler
                0x0000000000001b90                TIM9_BRK_IRQHandler
                0x0000000000001b92                TIM9_UP_IRQHandler
                0x0000000000001b94                TIM9_TRG_COM_IRQHandler
                0x0000000000001b96                TIM9_CC_IRQHandler
                0x0000000000001b98                TIM10_BRK_IRQHandler
                0x0000000000001b9a                TIM10_UP_IRQHandler
                0x0000000000001b9c                TIM10_TRG_COM_IRQHandler
                0x0000000000001b9e                TIM10_CC_IRQHandler
                0x0000000000001ba0                DMA2_Channel6_IRQHandler
                0x0000000000001ba2                DMA2_Channel7_IRQHandler
                0x0000000000001ba4                DMA2_Channel8_IRQHandler
                0x0000000000001ba6                DMA2_Channel9_IRQHandler
                0x0000000000001ba8                DMA2_Channel10_IRQHandler
                0x0000000000001baa                DMA2_Channel11_IRQHandler
 .text.handle_reset
                0x0000000000001bac       0x8a ./Startup/startup_ch32v30x_D8C.o
                0x0000000000001bac                handle_reset
 .text.DMA_DeInit
                0x0000000000001c36      0x16c ./Peripheral/src/ch32v30x_dma.o
                0x0000000000001c36                DMA_DeInit
 .text.DMA_Init
                0x0000000000001da2       0x38 ./Peripheral/src/ch32v30x_dma.o
                0x0000000000001da2                DMA_Init
 .text.DMA_Cmd  0x0000000000001dda       0x14 ./Peripheral/src/ch32v30x_dma.o
                0x0000000000001dda                DMA_Cmd
 .text.DMA_GetCurrDataCounter
                0x0000000000001dee        0x8 ./Peripheral/src/ch32v30x_dma.o
                0x0000000000001dee                DMA_GetCurrDataCounter
 .text.EXTI_Init
                0x0000000000001df6       0x6a ./Peripheral/src/ch32v30x_exti.o
                0x0000000000001df6                EXTI_Init
 .text.EXTI_GetITStatus
                0x0000000000001e60       0x1e ./Peripheral/src/ch32v30x_exti.o
                0x0000000000001e60                EXTI_GetITStatus
 .text.EXTI_ClearITPendingBit
                0x0000000000001e7e        0xa ./Peripheral/src/ch32v30x_exti.o
                0x0000000000001e7e                EXTI_ClearITPendingBit
 .text.FSMC_NORSRAMInit
                0x0000000000001e88       0xba ./Peripheral/src/ch32v30x_fsmc.o
                0x0000000000001e88                FSMC_NORSRAMInit
 .text.FSMC_NORSRAMCmd
                0x0000000000001f42       0x1e ./Peripheral/src/ch32v30x_fsmc.o
                0x0000000000001f42                FSMC_NORSRAMCmd
 .text.GPIO_Init
                0x0000000000001f60       0xc2 ./Peripheral/src/ch32v30x_gpio.o
                0x0000000000001f60                GPIO_Init
 .text.GPIO_ResetBits
                0x0000000000002022        0x4 ./Peripheral/src/ch32v30x_gpio.o
                0x0000000000002022                GPIO_ResetBits
 .text.GPIO_WriteBit
                0x0000000000002026        0xa ./Peripheral/src/ch32v30x_gpio.o
                0x0000000000002026                GPIO_WriteBit
 .text.GPIO_EXTILineConfig
                0x0000000000002030       0x2c ./Peripheral/src/ch32v30x_gpio.o
                0x0000000000002030                GPIO_EXTILineConfig
 .text.NVIC_PriorityGroupConfig
                0x000000000000205c        0x6 ./Peripheral/src/ch32v30x_misc.o
                0x000000000000205c                NVIC_PriorityGroupConfig
 .text.NVIC_Init
                0x0000000000002062       0xb8 ./Peripheral/src/ch32v30x_misc.o
                0x0000000000002062                NVIC_Init
 .text.RCC_GetClocksFreq
                0x000000000000211a      0x10e ./Peripheral/src/ch32v30x_rcc.o
                0x000000000000211a                RCC_GetClocksFreq
 .text.RCC_AHBPeriphClockCmd
                0x0000000000002228       0x1e ./Peripheral/src/ch32v30x_rcc.o
                0x0000000000002228                RCC_AHBPeriphClockCmd
 .text.RCC_APB2PeriphClockCmd
                0x0000000000002246       0x1e ./Peripheral/src/ch32v30x_rcc.o
                0x0000000000002246                RCC_APB2PeriphClockCmd
 .text.RCC_APB1PeriphClockCmd
                0x0000000000002264       0x1e ./Peripheral/src/ch32v30x_rcc.o
                0x0000000000002264                RCC_APB1PeriphClockCmd
 .text.TIM_TimeBaseInit
                0x0000000000002282       0xc0 ./Peripheral/src/ch32v30x_tim.o
                0x0000000000002282                TIM_TimeBaseInit
 .text.TIM_OC2Init
                0x0000000000002342       0xcc ./Peripheral/src/ch32v30x_tim.o
                0x0000000000002342                TIM_OC2Init
 .text.TIM_OC3Init
                0x000000000000240e       0xca ./Peripheral/src/ch32v30x_tim.o
                0x000000000000240e                TIM_OC3Init
 .text.TIM_OC4Init
                0x00000000000024d8       0x9e ./Peripheral/src/ch32v30x_tim.o
                0x00000000000024d8                TIM_OC4Init
 .text.TIM_Cmd  0x0000000000002576       0x1c ./Peripheral/src/ch32v30x_tim.o
                0x0000000000002576                TIM_Cmd
 .text.TIM_CtrlPWMOutputs
                0x0000000000002592       0x16 ./Peripheral/src/ch32v30x_tim.o
                0x0000000000002592                TIM_CtrlPWMOutputs
 .text.TIM_ARRPreloadConfig
                0x00000000000025a8       0x1e ./Peripheral/src/ch32v30x_tim.o
                0x00000000000025a8                TIM_ARRPreloadConfig
 .text.TIM_OC2PreloadConfig
                0x00000000000025c6       0x1a ./Peripheral/src/ch32v30x_tim.o
                0x00000000000025c6                TIM_OC2PreloadConfig
 .text.TIM_OC3PreloadConfig
                0x00000000000025e0       0x12 ./Peripheral/src/ch32v30x_tim.o
                0x00000000000025e0                TIM_OC3PreloadConfig
 .text.TIM_OC4PreloadConfig
                0x00000000000025f2       0x1a ./Peripheral/src/ch32v30x_tim.o
                0x00000000000025f2                TIM_OC4PreloadConfig
 .text.TIM_SetCounter
                0x000000000000260c        0x6 ./Peripheral/src/ch32v30x_tim.o
                0x000000000000260c                TIM_SetCounter
 .text.TIM_SetCompare2
                0x0000000000002612        0x6 ./Peripheral/src/ch32v30x_tim.o
                0x0000000000002612                TIM_SetCompare2
 .text.TIM_SetCompare3
                0x0000000000002618        0x6 ./Peripheral/src/ch32v30x_tim.o
                0x0000000000002618                TIM_SetCompare3
 .text.TIM_GetITStatus
                0x000000000000261e       0x1c ./Peripheral/src/ch32v30x_tim.o
                0x000000000000261e                TIM_GetITStatus
 .text.TIM_ClearITPendingBit
                0x000000000000263a        0xe ./Peripheral/src/ch32v30x_tim.o
                0x000000000000263a                TIM_ClearITPendingBit
 .text.USART_Init
                0x0000000000002648       0xda ./Peripheral/src/ch32v30x_usart.o
                0x0000000000002648                USART_Init
 .text.USART_Cmd
                0x0000000000002722       0x1c ./Peripheral/src/ch32v30x_usart.o
                0x0000000000002722                USART_Cmd
 .text.USART_DMACmd
                0x000000000000273e       0x16 ./Peripheral/src/ch32v30x_usart.o
                0x000000000000273e                USART_DMACmd
 .text.USART_SendData
                0x0000000000002754        0xa ./Peripheral/src/ch32v30x_usart.o
                0x0000000000002754                USART_SendData
 .text.USART_ReceiveData
                0x000000000000275e        0xa ./Peripheral/src/ch32v30x_usart.o
                0x000000000000275e                USART_ReceiveData
 .text.USART_GetFlagStatus
                0x0000000000002768        0xc ./Peripheral/src/ch32v30x_usart.o
                0x0000000000002768                USART_GetFlagStatus
 .text.USART_GetITStatus
                0x0000000000002774       0x44 ./Peripheral/src/ch32v30x_usart.o
                0x0000000000002774                USART_GetITStatus
 .text.Delay_Init
                0x00000000000027b8       0x26 ./Debug/debug.o
                0x00000000000027b8                Delay_Init
 .text.Delay_Ms
                0x00000000000027de       0x2e ./Debug/debug.o
                0x00000000000027de                Delay_Ms
 .text.USART_Printf_Init
                0x000000000000280c       0x5a ./Debug/debug.o
                0x000000000000280c                USART_Printf_Init
 .text._write   0x0000000000002866       0x4c ./Debug/debug.o
                0x0000000000002866                _write
 .text._sbrk    0x00000000000028b2       0x26 ./Debug/debug.o
                0x00000000000028b2                _sbrk
 .text.__addsf3
                0x00000000000028d8      0x36a d:/mrs/mounriver/mounriver_studio/toolchain/risc-v embedded gcc/bin/../lib/gcc/riscv-none-embed/8.2.0/rv32imac/ilp32\libgcc.a(addsf3.o)
                0x00000000000028d8                __addsf3
 .text.__divsf3
                0x0000000000002c42      0x2ae d:/mrs/mounriver/mounriver_studio/toolchain/risc-v embedded gcc/bin/../lib/gcc/riscv-none-embed/8.2.0/rv32imac/ilp32\libgcc.a(divsf3.o)
                0x0000000000002c42                __divsf3
 .text.__mulsf3
                0x0000000000002ef0      0x290 d:/mrs/mounriver/mounriver_studio/toolchain/risc-v embedded gcc/bin/../lib/gcc/riscv-none-embed/8.2.0/rv32imac/ilp32\libgcc.a(mulsf3.o)
                0x0000000000002ef0                __mulsf3
 .text.__fixunssfsi
                0x0000000000003180       0x56 d:/mrs/mounriver/mounriver_studio/toolchain/risc-v embedded gcc/bin/../lib/gcc/riscv-none-embed/8.2.0/rv32imac/ilp32\libgcc.a(fixunssfsi.o)
                0x0000000000003180                __fixunssfsi
 .text.__clzsi2
                0x00000000000031d6       0x76 d:/mrs/mounriver/mounriver_studio/toolchain/risc-v embedded gcc/bin/../lib/gcc/riscv-none-embed/8.2.0/rv32imac/ilp32\libgcc.a(_clzsi2.o)
                0x00000000000031d6                __clzsi2
 .text.printf   0x000000000000324c       0x40 d:/mrs/mounriver/mounriver_studio/toolchain/risc-v embedded gcc/bin/../lib/gcc/riscv-none-embed/8.2.0/../../../../riscv-none-embed/lib/rv32imac/ilp32\libg_nano.a(lib_a-printf.o)
                0x000000000000324c                iprintf
                0x000000000000324c                printf
 .text._vsnprintf_r
                0x000000000000328c       0x5e d:/mrs/mounriver/mounriver_studio/toolchain/risc-v embedded gcc/bin/../lib/gcc/riscv-none-embed/8.2.0/../../../../riscv-none-embed/lib/rv32imac/ilp32\libg_nano.a(lib_a-vsnprintf.o)
                0x000000000000328c                _vsniprintf_r
                0x000000000000328c                _vsnprintf_r
 .text.vsnprintf
                0x00000000000032ea       0x10 d:/mrs/mounriver/mounriver_studio/toolchain/risc-v embedded gcc/bin/../lib/gcc/riscv-none-embed/8.2.0/../../../../riscv-none-embed/lib/rv32imac/ilp32\libg_nano.a(lib_a-vsnprintf.o)
                0x00000000000032ea                vsniprintf
                0x00000000000032ea                vsnprintf
 .text.std      0x00000000000032fa       0x6a d:/mrs/mounriver/mounriver_studio/toolchain/risc-v embedded gcc/bin/../lib/gcc/riscv-none-embed/8.2.0/../../../../riscv-none-embed/lib/rv32imac/ilp32\libg_nano.a(lib_a-findfp.o)
 .text._cleanup_r
                0x0000000000003364        0xa d:/mrs/mounriver/mounriver_studio/toolchain/risc-v embedded gcc/bin/../lib/gcc/riscv-none-embed/8.2.0/../../../../riscv-none-embed/lib/rv32imac/ilp32\libg_nano.a(lib_a-findfp.o)
                0x0000000000003364                _cleanup_r
 .text.__sfmoreglue
                0x000000000000336e       0x46 d:/mrs/mounriver/mounriver_studio/toolchain/risc-v embedded gcc/bin/../lib/gcc/riscv-none-embed/8.2.0/../../../../riscv-none-embed/lib/rv32imac/ilp32\libg_nano.a(lib_a-findfp.o)
                0x000000000000336e                __sfmoreglue
 .text.__sinit  0x00000000000033b4       0x66 d:/mrs/mounriver/mounriver_studio/toolchain/risc-v embedded gcc/bin/../lib/gcc/riscv-none-embed/8.2.0/../../../../riscv-none-embed/lib/rv32imac/ilp32\libg_nano.a(lib_a-findfp.o)
                0x00000000000033b4                __sinit
 .text.__sfp    0x000000000000341a       0x9c d:/mrs/mounriver/mounriver_studio/toolchain/risc-v embedded gcc/bin/../lib/gcc/riscv-none-embed/8.2.0/../../../../riscv-none-embed/lib/rv32imac/ilp32\libg_nano.a(lib_a-findfp.o)
                0x000000000000341a                __sfp
 .text._fwalk_reent
                0x00000000000034b6       0x6c d:/mrs/mounriver/mounriver_studio/toolchain/risc-v embedded gcc/bin/../lib/gcc/riscv-none-embed/8.2.0/../../../../riscv-none-embed/lib/rv32imac/ilp32\libg_nano.a(lib_a-fwalk.o)
                0x00000000000034b6                _fwalk_reent
 .text._malloc_r
                0x0000000000003522       0xda d:/mrs/mounriver/mounriver_studio/toolchain/risc-v embedded gcc/bin/../lib/gcc/riscv-none-embed/8.2.0/../../../../riscv-none-embed/lib/rv32imac/ilp32\libg_nano.a(lib_a-nano-mallocr.o)
                0x0000000000003522                _malloc_r
 .text.__ssputs_r
                0x00000000000035fc       0xec d:/mrs/mounriver/mounriver_studio/toolchain/risc-v embedded gcc/bin/../lib/gcc/riscv-none-embed/8.2.0/../../../../riscv-none-embed/lib/rv32imac/ilp32\libg_nano.a(lib_a-nano-svfprintf.o)
                0x00000000000035fc                __ssputs_r
 .text._svfprintf_r
                0x00000000000036e8      0x27c d:/mrs/mounriver/mounriver_studio/toolchain/risc-v embedded gcc/bin/../lib/gcc/riscv-none-embed/8.2.0/../../../../riscv-none-embed/lib/rv32imac/ilp32\libg_nano.a(lib_a-nano-svfprintf.o)
                0x00000000000036e8                _svfiprintf_r
                0x00000000000036e8                _svfprintf_r
 .text.__sfputc_r
                0x0000000000003964       0x28 d:/mrs/mounriver/mounriver_studio/toolchain/risc-v embedded gcc/bin/../lib/gcc/riscv-none-embed/8.2.0/../../../../riscv-none-embed/lib/rv32imac/ilp32\libg_nano.a(lib_a-nano-vfprintf.o)
 .text.__sfputs_r
                0x000000000000398c       0x42 d:/mrs/mounriver/mounriver_studio/toolchain/risc-v embedded gcc/bin/../lib/gcc/riscv-none-embed/8.2.0/../../../../riscv-none-embed/lib/rv32imac/ilp32\libg_nano.a(lib_a-nano-vfprintf.o)
                0x000000000000398c                __sfputs_r
 .text._vfprintf_r
                0x00000000000039ce      0x29e d:/mrs/mounriver/mounriver_studio/toolchain/risc-v embedded gcc/bin/../lib/gcc/riscv-none-embed/8.2.0/../../../../riscv-none-embed/lib/rv32imac/ilp32\libg_nano.a(lib_a-nano-vfprintf.o)
                0x00000000000039ce                _vfprintf_r
                0x00000000000039ce                _vfiprintf_r
 .text._printf_common
                0x0000000000003c6c      0x10c d:/mrs/mounriver/mounriver_studio/toolchain/risc-v embedded gcc/bin/../lib/gcc/riscv-none-embed/8.2.0/../../../../riscv-none-embed/lib/rv32imac/ilp32\libg_nano.a(lib_a-nano-vfprintf_i.o)
                0x0000000000003c6c                _printf_common
 .text._printf_i
                0x0000000000003d78      0x2ac d:/mrs/mounriver/mounriver_studio/toolchain/risc-v embedded gcc/bin/../lib/gcc/riscv-none-embed/8.2.0/../../../../riscv-none-embed/lib/rv32imac/ilp32\libg_nano.a(lib_a-nano-vfprintf_i.o)
                0x0000000000003d78                _printf_i
 .text._sbrk_r  0x0000000000004024       0x2a d:/mrs/mounriver/mounriver_studio/toolchain/risc-v embedded gcc/bin/../lib/gcc/riscv-none-embed/8.2.0/../../../../riscv-none-embed/lib/rv32imac/ilp32\libg_nano.a(lib_a-sbrkr.o)
                0x0000000000004024                _sbrk_r
 .text.__sread  0x000000000000404e       0x32 d:/mrs/mounriver/mounriver_studio/toolchain/risc-v embedded gcc/bin/../lib/gcc/riscv-none-embed/8.2.0/../../../../riscv-none-embed/lib/rv32imac/ilp32\libg_nano.a(lib_a-stdio.o)
                0x000000000000404e                __sread
 .text.__swrite
                0x0000000000004080       0x4e d:/mrs/mounriver/mounriver_studio/toolchain/risc-v embedded gcc/bin/../lib/gcc/riscv-none-embed/8.2.0/../../../../riscv-none-embed/lib/rv32imac/ilp32\libg_nano.a(lib_a-stdio.o)
                0x0000000000004080                __swrite
 .text.__sseek  0x00000000000040ce       0x36 d:/mrs/mounriver/mounriver_studio/toolchain/risc-v embedded gcc/bin/../lib/gcc/riscv-none-embed/8.2.0/../../../../riscv-none-embed/lib/rv32imac/ilp32\libg_nano.a(lib_a-stdio.o)
                0x00000000000040ce                __sseek
 .text.__sclose
                0x0000000000004104        0x6 d:/mrs/mounriver/mounriver_studio/toolchain/risc-v embedded gcc/bin/../lib/gcc/riscv-none-embed/8.2.0/../../../../riscv-none-embed/lib/rv32imac/ilp32\libg_nano.a(lib_a-stdio.o)
                0x0000000000004104                __sclose
 .text.__swbuf_r
                0x000000000000410a       0xc2 d:/mrs/mounriver/mounriver_studio/toolchain/risc-v embedded gcc/bin/../lib/gcc/riscv-none-embed/8.2.0/../../../../riscv-none-embed/lib/rv32imac/ilp32\libg_nano.a(lib_a-wbuf.o)
                0x000000000000410a                __swbuf_r
 .text._write_r
                0x00000000000041cc       0x2e d:/mrs/mounriver/mounriver_studio/toolchain/risc-v embedded gcc/bin/../lib/gcc/riscv-none-embed/8.2.0/../../../../riscv-none-embed/lib/rv32imac/ilp32\libg_nano.a(lib_a-writer.o)
                0x00000000000041cc                _write_r
 .text.__swsetup_r
                0x00000000000041fa      0x10e d:/mrs/mounriver/mounriver_studio/toolchain/risc-v embedded gcc/bin/../lib/gcc/riscv-none-embed/8.2.0/../../../../riscv-none-embed/lib/rv32imac/ilp32\libg_nano.a(lib_a-wsetup.o)
                0x00000000000041fa                __swsetup_r
 .text._close_r
                0x0000000000004308       0x28 d:/mrs/mounriver/mounriver_studio/toolchain/risc-v embedded gcc/bin/../lib/gcc/riscv-none-embed/8.2.0/../../../../riscv-none-embed/lib/rv32imac/ilp32\libg_nano.a(lib_a-closer.o)
                0x0000000000004308                _close_r
 .text.__sflush_r
                0x0000000000004330      0x13c d:/mrs/mounriver/mounriver_studio/toolchain/risc-v embedded gcc/bin/../lib/gcc/riscv-none-embed/8.2.0/../../../../riscv-none-embed/lib/rv32imac/ilp32\libg_nano.a(lib_a-fflush.o)
                0x0000000000004330                __sflush_r
 .text._fflush_r
                0x000000000000446c       0x66 d:/mrs/mounriver/mounriver_studio/toolchain/risc-v embedded gcc/bin/../lib/gcc/riscv-none-embed/8.2.0/../../../../riscv-none-embed/lib/rv32imac/ilp32\libg_nano.a(lib_a-fflush.o)
                0x000000000000446c                _fflush_r
 .text._lseek_r
                0x00000000000044d2       0x2c d:/mrs/mounriver/mounriver_studio/toolchain/risc-v embedded gcc/bin/../lib/gcc/riscv-none-embed/8.2.0/../../../../riscv-none-embed/lib/rv32imac/ilp32\libg_nano.a(lib_a-lseekr.o)
                0x00000000000044d2                _lseek_r
 .text.__swhatbuf_r
                0x00000000000044fe       0x58 d:/mrs/mounriver/mounriver_studio/toolchain/risc-v embedded gcc/bin/../lib/gcc/riscv-none-embed/8.2.0/../../../../riscv-none-embed/lib/rv32imac/ilp32\libg_nano.a(lib_a-makebuf.o)
                0x00000000000044fe                __swhatbuf_r
 .text.__smakebuf_r
                0x0000000000004556       0x9e d:/mrs/mounriver/mounriver_studio/toolchain/risc-v embedded gcc/bin/../lib/gcc/riscv-none-embed/8.2.0/../../../../riscv-none-embed/lib/rv32imac/ilp32\libg_nano.a(lib_a-makebuf.o)
                0x0000000000004556                __smakebuf_r
 .text.memchr   0x00000000000045f4       0x1a d:/mrs/mounriver/mounriver_studio/toolchain/risc-v embedded gcc/bin/../lib/gcc/riscv-none-embed/8.2.0/../../../../riscv-none-embed/lib/rv32imac/ilp32\libg_nano.a(lib_a-memchr.o)
                0x00000000000045f4                memchr
 .text.memcpy   0x000000000000460e       0xb6 d:/mrs/mounriver/mounriver_studio/toolchain/risc-v embedded gcc/bin/../lib/gcc/riscv-none-embed/8.2.0/../../../../riscv-none-embed/lib/rv32imac/ilp32\libg_nano.a(lib_a-memcpy.o)
                0x000000000000460e                memcpy
 .text.memmove  0x00000000000046c4       0x4a d:/mrs/mounriver/mounriver_studio/toolchain/risc-v embedded gcc/bin/../lib/gcc/riscv-none-embed/8.2.0/../../../../riscv-none-embed/lib/rv32imac/ilp32\libg_nano.a(lib_a-memmove.o)
                0x00000000000046c4                memmove
 .text.__malloc_lock
                0x000000000000470e        0x2 d:/mrs/mounriver/mounriver_studio/toolchain/risc-v embedded gcc/bin/../lib/gcc/riscv-none-embed/8.2.0/../../../../riscv-none-embed/lib/rv32imac/ilp32\libg_nano.a(lib_a-mlock.o)
                0x000000000000470e                __malloc_lock
 .text.__malloc_unlock
                0x0000000000004710        0x2 d:/mrs/mounriver/mounriver_studio/toolchain/risc-v embedded gcc/bin/../lib/gcc/riscv-none-embed/8.2.0/../../../../riscv-none-embed/lib/rv32imac/ilp32\libg_nano.a(lib_a-mlock.o)
                0x0000000000004710                __malloc_unlock
 .text._free_r  0x0000000000004712       0xa4 d:/mrs/mounriver/mounriver_studio/toolchain/risc-v embedded gcc/bin/../lib/gcc/riscv-none-embed/8.2.0/../../../../riscv-none-embed/lib/rv32imac/ilp32\libg_nano.a(lib_a-nano-freer.o)
                0x0000000000004712                _free_r
 .text._realloc_r
                0x00000000000047b6       0x52 d:/mrs/mounriver/mounriver_studio/toolchain/risc-v embedded gcc/bin/../lib/gcc/riscv-none-embed/8.2.0/../../../../riscv-none-embed/lib/rv32imac/ilp32\libg_nano.a(lib_a-nano-reallocr.o)
                0x00000000000047b6                _realloc_r
 .text._read_r  0x0000000000004808       0x2c d:/mrs/mounriver/mounriver_studio/toolchain/risc-v embedded gcc/bin/../lib/gcc/riscv-none-embed/8.2.0/../../../../riscv-none-embed/lib/rv32imac/ilp32\libg_nano.a(lib_a-readr.o)
                0x0000000000004808                _read_r
 .text._fstat_r
                0x0000000000004834       0x2a d:/mrs/mounriver/mounriver_studio/toolchain/risc-v embedded gcc/bin/../lib/gcc/riscv-none-embed/8.2.0/../../../../riscv-none-embed/lib/rv32imac/ilp32\libg_nano.a(lib_a-fstatr.o)
                0x0000000000004834                _fstat_r
 .text._isatty_r
                0x000000000000485e       0x28 d:/mrs/mounriver/mounriver_studio/toolchain/risc-v embedded gcc/bin/../lib/gcc/riscv-none-embed/8.2.0/../../../../riscv-none-embed/lib/rv32imac/ilp32\libg_nano.a(lib_a-isattyr.o)
                0x000000000000485e                _isatty_r
 .text._malloc_usable_size_r
                0x0000000000004886       0x14 d:/mrs/mounriver/mounriver_studio/toolchain/risc-v embedded gcc/bin/../lib/gcc/riscv-none-embed/8.2.0/../../../../riscv-none-embed/lib/rv32imac/ilp32\libg_nano.a(lib_a-nano-msizer.o)
                0x0000000000004886                _malloc_usable_size_r
 .text._close   0x000000000000489a        0xc d:/mrs/mounriver/mounriver_studio/toolchain/risc-v embedded gcc/bin/../lib/gcc/riscv-none-embed/8.2.0/../../../../riscv-none-embed/lib/rv32imac/ilp32\libnosys.a(close.o)
                0x000000000000489a                _close
 .text._fstat   0x00000000000048a6        0xc d:/mrs/mounriver/mounriver_studio/toolchain/risc-v embedded gcc/bin/../lib/gcc/riscv-none-embed/8.2.0/../../../../riscv-none-embed/lib/rv32imac/ilp32\libnosys.a(fstat.o)
                0x00000000000048a6                _fstat
 .text._isatty  0x00000000000048b2        0xc d:/mrs/mounriver/mounriver_studio/toolchain/risc-v embedded gcc/bin/../lib/gcc/riscv-none-embed/8.2.0/../../../../riscv-none-embed/lib/rv32imac/ilp32\libnosys.a(isatty.o)
                0x00000000000048b2                _isatty
 .text._lseek   0x00000000000048be        0xc d:/mrs/mounriver/mounriver_studio/toolchain/risc-v embedded gcc/bin/../lib/gcc/riscv-none-embed/8.2.0/../../../../riscv-none-embed/lib/rv32imac/ilp32\libnosys.a(lseek.o)
                0x00000000000048be                _lseek
 .text._read    0x00000000000048ca        0xc d:/mrs/mounriver/mounriver_studio/toolchain/risc-v embedded gcc/bin/../lib/gcc/riscv-none-embed/8.2.0/../../../../riscv-none-embed/lib/rv32imac/ilp32\libnosys.a(read.o)
                0x00000000000048ca                _read
 *(.rodata)
 *fill*         0x00000000000048d6        0x2 
 .rodata        0x00000000000048d8      0x400 ./User/main.o
 *(.rodata*)
 .rodata.Open_door.cst4
                0x0000000000004cd8        0x4 ./User/PWM.o
 .rodata.Servo_SetAngle.cst4
                0x0000000000004cdc        0xc ./User/PWM.o
 .rodata.Display_EnterNum.str1.4
                0x0000000000004ce8       0x15 ./User/display.o
 *fill*         0x0000000000004cfd        0x3 
 .rodata.Display_keyboard.str1.4
                0x0000000000004d00        0x6 ./User/display.o
 *fill*         0x0000000000004d06        0x2 
 .rodata.LCD_Init.str1.4
                0x0000000000004d08       0x47 ./User/lcd.o
 *fill*         0x0000000000004d4f        0x1 
 .rodata.LCD_ShowChar.str1.4
                0x0000000000004d50       0x4a ./User/lcd.o
 *fill*         0x0000000000004d9a        0x2 
 .rodata.LCD_ShowNum.str1.4
                0x0000000000004d9c        0x3 ./User/lcd.o
 *fill*         0x0000000000004d9f        0x1 
 .rodata.LCD_ShowString.str1.4
                0x0000000000004da0       0x1e ./User/lcd.o
 *fill*         0x0000000000004dbe        0x2 
 .rodata.asc2_1608
                0x0000000000004dc0      0x5e0 ./User/lcd.o
                0x0000000000004dc0                asc2_1608
 .rodata.asc2_2412
                0x00000000000053a0     0x11a0 ./User/lcd.o
                0x00000000000053a0                asc2_2412
 .rodata.asc2_3216
                0x0000000000006540     0x1780 ./User/lcd.o
                0x0000000000006540                asc2_3216
 .rodata.main.cst4
                0x0000000000007cc0        0x4 ./User/main.o
 .rodata.main.str1.4
                0x0000000000007cc0       0x3d ./User/main.o
 *fill*         0x0000000000007cfd        0x3 
 .rodata.__divsf3
                0x0000000000007d00       0x80 d:/mrs/mounriver/mounriver_studio/toolchain/risc-v embedded gcc/bin/../lib/gcc/riscv-none-embed/8.2.0/rv32imac/ilp32\libgcc.a(divsf3.o)
 .rodata.__mulsf3
                0x0000000000007d80       0x40 d:/mrs/mounriver/mounriver_studio/toolchain/risc-v embedded gcc/bin/../lib/gcc/riscv-none-embed/8.2.0/rv32imac/ilp32\libgcc.a(mulsf3.o)
 .rodata.__clz_tab
                0x0000000000007dc0      0x100 d:/mrs/mounriver/mounriver_studio/toolchain/risc-v embedded gcc/bin/../lib/gcc/riscv-none-embed/8.2.0/rv32imac/ilp32\libgcc.a(_clz.o)
                0x0000000000007dc0                __clz_tab
 .rodata.__sf_fake_stderr
                0x0000000000007ec0       0x20 d:/mrs/mounriver/mounriver_studio/toolchain/risc-v embedded gcc/bin/../lib/gcc/riscv-none-embed/8.2.0/../../../../riscv-none-embed/lib/rv32imac/ilp32\libg_nano.a(lib_a-findfp.o)
                0x0000000000007ec0                __sf_fake_stderr
 .rodata.__sf_fake_stdin
                0x0000000000007ee0       0x20 d:/mrs/mounriver/mounriver_studio/toolchain/risc-v embedded gcc/bin/../lib/gcc/riscv-none-embed/8.2.0/../../../../riscv-none-embed/lib/rv32imac/ilp32\libg_nano.a(lib_a-findfp.o)
                0x0000000000007ee0                __sf_fake_stdin
 .rodata.__sf_fake_stdout
                0x0000000000007f00       0x20 d:/mrs/mounriver/mounriver_studio/toolchain/risc-v embedded gcc/bin/../lib/gcc/riscv-none-embed/8.2.0/../../../../riscv-none-embed/lib/rv32imac/ilp32\libg_nano.a(lib_a-findfp.o)
                0x0000000000007f00                __sf_fake_stdout
 .rodata._svfprintf_r.str1.4
                0x0000000000007f20       0x13 d:/mrs/mounriver/mounriver_studio/toolchain/risc-v embedded gcc/bin/../lib/gcc/riscv-none-embed/8.2.0/../../../../riscv-none-embed/lib/rv32imac/ilp32\libg_nano.a(lib_a-nano-svfprintf.o)
 .rodata._vfprintf_r.str1.4
                0x0000000000007f33       0x13 d:/mrs/mounriver/mounriver_studio/toolchain/risc-v embedded gcc/bin/../lib/gcc/riscv-none-embed/8.2.0/../../../../riscv-none-embed/lib/rv32imac/ilp32\libg_nano.a(lib_a-nano-vfprintf.o)
 *fill*         0x0000000000007f33        0x1 
 .rodata._printf_i.str1.4
                0x0000000000007f34       0x28 d:/mrs/mounriver/mounriver_studio/toolchain/risc-v embedded gcc/bin/../lib/gcc/riscv-none-embed/8.2.0/../../../../riscv-none-embed/lib/rv32imac/ilp32\libg_nano.a(lib_a-nano-vfprintf_i.o)
                                         0x25 (size before relaxing)
 *(.glue_7)
 *(.glue_7t)
 *(.gnu.linkonce.t.*)
                0x0000000000007f5c                . = ALIGN (0x4)

.rela.dyn       0x0000000000007f5c        0x0
 .rela.text.EXTI0_IRQHandler
                0x0000000000007f5c        0x0 ./User/PWM.o
 .rela.text.EXTI4_IRQHandler
                0x0000000000007f5c        0x0 ./User/PWM.o
 .rela.text.EXTI9_5_IRQHandler
                0x0000000000007f5c        0x0 ./User/PWM.o
 .rela.text.USART3_IRQHandler
                0x0000000000007f5c        0x0 ./User/PWM.o
 .rela.init     0x0000000000007f5c        0x0 ./User/PWM.o
 .rela.vector   0x0000000000007f5c        0x0 ./User/PWM.o
 .rela.text.handle_reset
                0x0000000000007f5c        0x0 ./User/PWM.o
 .rela.text._sbrk
                0x0000000000007f5c        0x0 ./User/PWM.o
 .rela.sdata.curbrk.5210
                0x0000000000007f5c        0x0 ./User/PWM.o
 .rela.text._svfprintf_r
                0x0000000000007f5c        0x0 ./User/PWM.o
 .rela.text._vfprintf_r
                0x0000000000007f5c        0x0 ./User/PWM.o
 .rela.text._sbrk_r
                0x0000000000007f5c        0x0 ./User/PWM.o
 .rela.text._write_r
                0x0000000000007f5c        0x0 ./User/PWM.o
 .rela.text._close_r
                0x0000000000007f5c        0x0 ./User/PWM.o
 .rela.text._lseek_r
                0x0000000000007f5c        0x0 ./User/PWM.o
 .rela.text._read_r
                0x0000000000007f5c        0x0 ./User/PWM.o
 .rela.text._fstat_r
                0x0000000000007f5c        0x0 ./User/PWM.o
 .rela.text._isatty_r
                0x0000000000007f5c        0x0 ./User/PWM.o
 .rela.text._close
                0x0000000000007f5c        0x0 ./User/PWM.o
 .rela.text._fstat
                0x0000000000007f5c        0x0 ./User/PWM.o
 .rela.text._isatty
                0x0000000000007f5c        0x0 ./User/PWM.o
 .rela.text._lseek
                0x0000000000007f5c        0x0 ./User/PWM.o
 .rela.text._read
                0x0000000000007f5c        0x0 ./User/PWM.o

.fini           0x0000000000007f5c        0x0
 *(SORT_NONE(.fini))
                0x0000000000007f5c                . = ALIGN (0x4)
                [!provide]                        PROVIDE (_etext = .)
                [!provide]                        PROVIDE (_eitcm = .)

.preinit_array  0x0000000000007f5c        0x0
                [!provide]                        PROVIDE (__preinit_array_start = .)
 *(.preinit_array)
                [!provide]                        PROVIDE (__preinit_array_end = .)

.init_array     0x0000000000007f5c        0x0
                [!provide]                        PROVIDE (__init_array_start = .)
 *(SORT_BY_INIT_PRIORITY(.init_array.*) SORT_BY_INIT_PRIORITY(.ctors.*))
 *(.init_array EXCLUDE_FILE(*crtend?.o *crtend.o *crtbegin?.o *crtbegin.o) .ctors)
                [!provide]                        PROVIDE (__init_array_end = .)

.fini_array     0x0000000000007f5c        0x0
                [!provide]                        PROVIDE (__fini_array_start = .)
 *(SORT_BY_INIT_PRIORITY(.fini_array.*) SORT_BY_INIT_PRIORITY(.dtors.*))
 *(.fini_array EXCLUDE_FILE(*crtend?.o *crtend.o *crtbegin?.o *crtbegin.o) .dtors)
                [!provide]                        PROVIDE (__fini_array_end = .)

.ctors
 *crtbegin.o(.ctors)
 *crtbegin?.o(.ctors)
 *(EXCLUDE_FILE(*crtend?.o *crtend.o) .ctors)
 *(SORT_BY_NAME(.ctors.*))
 *(.ctors)

.dtors
 *crtbegin.o(.dtors)
 *crtbegin?.o(.dtors)
 *(EXCLUDE_FILE(*crtend?.o *crtend.o) .dtors)
 *(SORT_BY_NAME(.dtors.*))
 *(.dtors)

.dalign         0x0000000020000000        0x0 load address 0x0000000000007f5c
                0x0000000020000000                . = ALIGN (0x4)
                0x0000000020000000                PROVIDE (_data_vma = .)

.dlalign        0x0000000000007f5c        0x0
                0x0000000000007f5c                . = ALIGN (0x4)
                0x0000000000007f5c                PROVIDE (_data_lma = .)

.data           0x0000000020000000       0xa0 load address 0x0000000000007f5c
 *(.gnu.linkonce.r.*)
 *(.data .data.*)
 .data.keyboard
                0x0000000020000000        0xc ./User/key.o
                0x0000000020000000                keyboard
 .data.APBAHBPrescTable
                0x000000002000000c       0x10 ./Peripheral/src/ch32v30x_rcc.o
 .data.impure_data
                0x000000002000001c       0x60 d:/mrs/mounriver/mounriver_studio/toolchain/risc-v embedded gcc/bin/../lib/gcc/riscv-none-embed/8.2.0/../../../../riscv-none-embed/lib/rv32imac/ilp32\libg_nano.a(lib_a-impure.o)
 *(.gnu.linkonce.d.*)
                0x0000000020000080                . = ALIGN (0x8)
 *fill*         0x000000002000007c        0x4 
                0x0000000020000880                PROVIDE (__global_pointer$ = (. + 0x800))
 *(.sdata .sdata.*)
 .sdata.Judge_OpenMV
                0x0000000020000080        0x1 ./User/key.o
                0x0000000020000080                Judge_OpenMV
 .sdata.num     0x0000000020000081        0x1 ./User/key.o
                0x0000000020000081                num
 .sdata.FORE_COLOR
                0x0000000020000082        0x2 ./User/lcd.o
                0x0000000020000082                FORE_COLOR
 .sdata.TxBuffer
                0x0000000020000084        0x2 ./User/main.o
                0x0000000020000084                TxBuffer
 .sdata.num_last
                0x0000000020000086        0x1 ./User/main.o
                0x0000000020000086                num_last
 *fill*         0x0000000020000087        0x1 
 .sdata.SystemCoreClock
                0x0000000020000088        0x4 ./User/system_ch32v30x.o
                0x0000000020000088                SystemCoreClock
 .sdata.ADCPrescTable
                0x000000002000008c        0x4 ./Peripheral/src/ch32v30x_rcc.o
 .sdata.curbrk.5210
                0x0000000020000090        0x4 ./Debug/debug.o
 .sdata._impure_ptr
                0x0000000020000094        0x4 d:/mrs/mounriver/mounriver_studio/toolchain/risc-v embedded gcc/bin/../lib/gcc/riscv-none-embed/8.2.0/../../../../riscv-none-embed/lib/rv32imac/ilp32\libg_nano.a(lib_a-impure.o)
                0x0000000020000094                _impure_ptr
 *(.sdata2.*)
 .sdata2._global_impure_ptr
                0x0000000020000098        0x4 d:/mrs/mounriver/mounriver_studio/toolchain/risc-v embedded gcc/bin/../lib/gcc/riscv-none-embed/8.2.0/../../../../riscv-none-embed/lib/rv32imac/ilp32\libg_nano.a(lib_a-impure.o)
                0x0000000020000098                _global_impure_ptr
 *(.gnu.linkonce.s.*)
                0x00000000200000a0                . = ALIGN (0x8)
 *fill*         0x000000002000009c        0x4 
 *(.srodata.cst16)
 *(.srodata.cst8)
 *(.srodata.cst4)
 *(.srodata.cst2)
 *(.srodata .srodata.*)
                0x00000000200000a0                . = ALIGN (0x4)
                0x00000000200000a0                PROVIDE (_edata = .)

.bss            0x00000000200000a0      0x760 load address 0x0000000000007ffc
                0x00000000200000a0                . = ALIGN (0x4)
                0x00000000200000a0                PROVIDE (_sbss = .)
 *(.sbss*)
 .sbss.BlinkLine_Count
                0x00000000200000a0        0x4 ./User/display.o
                0x00000000200000a0                BlinkLine_Count
 .sbss.PassWord
                0x00000000200000a4        0x4 ./User/display.o
                0x00000000200000a4                PassWord
 .sbss.Record_PassWord
                0x00000000200000a8        0x4 ./User/display.o
                0x00000000200000a8                Record_PassWord
 .sbss.enternum_pos_X
                0x00000000200000ac        0x1 ./User/display.o
                0x00000000200000ac                enternum_pos_X
 .sbss.flag_reshow
                0x00000000200000ad        0x1 ./User/display.o
                0x00000000200000ad                flag_reshow
 .sbss.flag_warning
                0x00000000200000ae        0x1 ./User/display.o
                0x00000000200000ae                flag_warning
 .sbss.time_error_count
                0x00000000200000af        0x1 ./User/display.o
                0x00000000200000af                time_error_count
 .sbss.Add_data
                0x00000000200000b0        0x1 ./User/key.o
                0x00000000200000b0                Add_data
 .sbss.Judge_data
                0x00000000200000b1        0x1 ./User/key.o
                0x00000000200000b1                Judge_data
 .sbss.X_key    0x00000000200000b2        0x1 ./User/key.o
                0x00000000200000b2                X_key
 .sbss.Y_key    0x00000000200000b3        0x1 ./User/key.o
                0x00000000200000b3                Y_key
 .sbss.flag_InFR
                0x00000000200000b4        0x1 ./User/key.o
                0x00000000200000b4                flag_InFR
 .sbss.flag_JudgeFR
                0x00000000200000b5        0x1 ./User/key.o
                0x00000000200000b5                flag_JudgeFR
 .sbss.flag_OpenMV
                0x00000000200000b6        0x1 ./User/key.o
                0x00000000200000b6                flag_OpenMV
 .sbss.flag_dispaly_OpenMV
                0x00000000200000b7        0x1 ./User/key.o
                0x00000000200000b7                flag_dispaly_OpenMV
 .sbss.flag_enter
                0x00000000200000b8        0x1 ./User/key.o
                0x00000000200000b8                flag_enter
 *fill*         0x00000000200000b9        0x1 
 .sbss.BACK_COLOR
                0x00000000200000ba        0x2 ./User/lcd.o
                0x00000000200000ba                BACK_COLOR
 .sbss.rxBufferReadPos
                0x00000000200000bc        0x2 ./User/main.o
                0x00000000200000bc                rxBufferReadPos
 .sbss.USART3_RX_STA
                0x00000000200000be        0x2 ./User/usart2.o
                0x00000000200000be                USART3_RX_STA
 .sbss.NVIC_Priority_Group
                0x00000000200000c0        0x4 ./Peripheral/src/ch32v30x_misc.o
                0x00000000200000c0                NVIC_Priority_Group
 .sbss.p_ms     0x00000000200000c4        0x2 ./Debug/debug.o
 .sbss.p_us     0x00000000200000c6        0x1 ./Debug/debug.o
 *fill*         0x00000000200000c7        0x1 
 .sbss.__malloc_free_list
                0x00000000200000c8        0x4 d:/mrs/mounriver/mounriver_studio/toolchain/risc-v embedded gcc/bin/../lib/gcc/riscv-none-embed/8.2.0/../../../../riscv-none-embed/lib/rv32imac/ilp32\libg_nano.a(lib_a-nano-mallocr.o)
                0x00000000200000c8                __malloc_free_list
 .sbss.__malloc_sbrk_start
                0x00000000200000cc        0x4 d:/mrs/mounriver/mounriver_studio/toolchain/risc-v embedded gcc/bin/../lib/gcc/riscv-none-embed/8.2.0/../../../../riscv-none-embed/lib/rv32imac/ilp32\libg_nano.a(lib_a-nano-mallocr.o)
                0x00000000200000cc                __malloc_sbrk_start
 *(.gnu.linkonce.sb.*)
 *(.bss*)
 .bss.RxBuffer  0x00000000200000d0      0x400 ./User/main.o
                0x00000000200000d0                RxBuffer
 *(.gnu.linkonce.b.*)
 *(COMMON*)
 COMMON         0x00000000200004d0        0xc ./User/key.o
                0x00000000200004d0                Add_Value
                0x00000000200004d4                Judge_Value
                0x00000000200004d8                OpenMV_Value
 COMMON         0x00000000200004dc      0x320 ./User/usart2.o
                0x00000000200004dc                USART3_RX_BUF
                0x000000002000066c                USART3_TX_BUF
 COMMON         0x00000000200007fc        0x4 d:/mrs/mounriver/mounriver_studio/toolchain/risc-v embedded gcc/bin/../lib/gcc/riscv-none-embed/8.2.0/../../../../riscv-none-embed/lib/rv32imac/ilp32\libg_nano.a(lib_a-reent.o)
                0x00000000200007fc                errno
                0x0000000020000800                . = ALIGN (0x4)
                0x0000000020000800                PROVIDE (_ebss = .)
                0x0000000020000800                PROVIDE (_end = _ebss)
                [!provide]                        PROVIDE (end = .)

.stack          0x0000000020007800      0x800
                0x0000000020007800                PROVIDE (_heap_end = .)
                0x0000000020007800                . = ALIGN (0x4)
                [!provide]                        PROVIDE (_susrstack = .)
                0x0000000020008000                . = (. + __stack_size)
 *fill*         0x0000000020007800      0x800 
                0x0000000020008000                PROVIDE (_eusrstack = .)
OUTPUT(LCD_BLE.elf elf32-littleriscv)

.debug_info     0x0000000000000000    0x15b89
 .debug_info    0x0000000000000000     0x10a5 ./User/PWM.o
 .debug_info    0x00000000000010a5      0x962 ./User/ch32v30x_it.o
 .debug_info    0x0000000000001a07     0x12a9 ./User/display.o
 .debug_info    0x0000000000002cb0     0x144a ./User/key.o
 .debug_info    0x00000000000040fa     0x30d4 ./User/lcd.o
 .debug_info    0x00000000000071ce     0x1ecc ./User/main.o
 .debug_info    0x000000000000909a      0xb63 ./User/system_ch32v30x.o
 .debug_info    0x0000000000009bfd     0x134c ./User/usart2.o
 .debug_info    0x000000000000af49       0x22 ./Startup/startup_ch32v30x_D8C.o
 .debug_info    0x000000000000af6b      0xd13 ./Peripheral/src/ch32v30x_dma.o
 .debug_info    0x000000000000bc7e      0xc0d ./Peripheral/src/ch32v30x_exti.o
 .debug_info    0x000000000000c88b     0x104d ./Peripheral/src/ch32v30x_fsmc.o
 .debug_info    0x000000000000d8d8     0x1093 ./Peripheral/src/ch32v30x_gpio.o
 .debug_info    0x000000000000e96b      0xf6d ./Peripheral/src/ch32v30x_misc.o
 .debug_info    0x000000000000f8d8     0x155d ./Peripheral/src/ch32v30x_rcc.o
 .debug_info    0x0000000000010e35     0x2a18 ./Peripheral/src/ch32v30x_tim.o
 .debug_info    0x000000000001384d     0x1420 ./Peripheral/src/ch32v30x_usart.o
 .debug_info    0x0000000000014c6d      0xf1c ./Debug/debug.o

.debug_abbrev   0x0000000000000000     0x3564
 .debug_abbrev  0x0000000000000000      0x2ae ./User/PWM.o
 .debug_abbrev  0x00000000000002ae      0x1cf ./User/ch32v30x_it.o
 .debug_abbrev  0x000000000000047d      0x2e0 ./User/display.o
 .debug_abbrev  0x000000000000075d      0x2cd ./User/key.o
 .debug_abbrev  0x0000000000000a2a      0x4cb ./User/lcd.o
 .debug_abbrev  0x0000000000000ef5      0x43e ./User/main.o
 .debug_abbrev  0x0000000000001333      0x2c0 ./User/system_ch32v30x.o
 .debug_abbrev  0x00000000000015f3      0x30a ./User/usart2.o
 .debug_abbrev  0x00000000000018fd       0x12 ./Startup/startup_ch32v30x_D8C.o
 .debug_abbrev  0x000000000000190f      0x2fd ./Peripheral/src/ch32v30x_dma.o
 .debug_abbrev  0x0000000000001c0c      0x2da ./Peripheral/src/ch32v30x_exti.o
 .debug_abbrev  0x0000000000001ee6      0x2d9 ./Peripheral/src/ch32v30x_fsmc.o
 .debug_abbrev  0x00000000000021bf      0x31a ./Peripheral/src/ch32v30x_gpio.o
 .debug_abbrev  0x00000000000024d9      0x2fb ./Peripheral/src/ch32v30x_misc.o
 .debug_abbrev  0x00000000000027d4      0x351 ./Peripheral/src/ch32v30x_rcc.o
 .debug_abbrev  0x0000000000002b25      0x421 ./Peripheral/src/ch32v30x_tim.o
 .debug_abbrev  0x0000000000002f46      0x325 ./Peripheral/src/ch32v30x_usart.o
 .debug_abbrev  0x000000000000326b      0x2f9 ./Debug/debug.o

.debug_loc      0x0000000000000000     0x61fe
 .debug_loc     0x0000000000000000       0x23 ./User/PWM.o
 .debug_loc     0x0000000000000023      0x1a4 ./User/display.o
 .debug_loc     0x00000000000001c7     0x1eb1 ./User/lcd.o
 .debug_loc     0x0000000000002078      0x22b ./User/main.o
 .debug_loc     0x00000000000022a3       0xe5 ./User/system_ch32v30x.o
 .debug_loc     0x0000000000002388       0xbe ./User/usart2.o
 .debug_loc     0x0000000000002446      0x19a ./Peripheral/src/ch32v30x_dma.o
 .debug_loc     0x00000000000025e0      0x181 ./Peripheral/src/ch32v30x_exti.o
 .debug_loc     0x0000000000002761      0x454 ./Peripheral/src/ch32v30x_fsmc.o
 .debug_loc     0x0000000000002bb5      0x67b ./Peripheral/src/ch32v30x_gpio.o
 .debug_loc     0x0000000000003230       0xce ./Peripheral/src/ch32v30x_misc.o
 .debug_loc     0x00000000000032fe      0xa54 ./Peripheral/src/ch32v30x_rcc.o
 .debug_loc     0x0000000000003d52     0x1b0c ./Peripheral/src/ch32v30x_tim.o
 .debug_loc     0x000000000000585e      0x7f8 ./Peripheral/src/ch32v30x_usart.o
 .debug_loc     0x0000000000006056      0x1a8 ./Debug/debug.o

.debug_aranges  0x0000000000000000      0xad8
 .debug_aranges
                0x0000000000000000       0x30 ./User/PWM.o
 .debug_aranges
                0x0000000000000030       0x28 ./User/ch32v30x_it.o
 .debug_aranges
                0x0000000000000058       0x50 ./User/display.o
 .debug_aranges
                0x00000000000000a8       0x58 ./User/key.o
 .debug_aranges
                0x0000000000000100      0x110 ./User/lcd.o
 .debug_aranges
                0x0000000000000210       0x70 ./User/main.o
 .debug_aranges
                0x0000000000000280       0x28 ./User/system_ch32v30x.o
 .debug_aranges
                0x00000000000002a8       0x30 ./User/usart2.o
 .debug_aranges
                0x00000000000002d8       0x30 ./Startup/startup_ch32v30x_D8C.o
 .debug_aranges
                0x0000000000000308       0x60 ./Peripheral/src/ch32v30x_dma.o
 .debug_aranges
                0x0000000000000368       0x50 ./Peripheral/src/ch32v30x_exti.o
 .debug_aranges
                0x00000000000003b8       0x90 ./Peripheral/src/ch32v30x_fsmc.o
 .debug_aranges
                0x0000000000000448       0xa8 ./Peripheral/src/ch32v30x_gpio.o
 .debug_aranges
                0x00000000000004f0       0x28 ./Peripheral/src/ch32v30x_misc.o
 .debug_aranges
                0x0000000000000518      0x1a8 ./Peripheral/src/ch32v30x_rcc.o
 .debug_aranges
                0x00000000000006c0      0x2d0 ./Peripheral/src/ch32v30x_tim.o
 .debug_aranges
                0x0000000000000990      0x100 ./Peripheral/src/ch32v30x_usart.o
 .debug_aranges
                0x0000000000000a90       0x48 ./Debug/debug.o

.debug_ranges   0x0000000000000000      0xb38
 .debug_ranges  0x0000000000000000       0x20 ./User/PWM.o
 .debug_ranges  0x0000000000000020       0x18 ./User/ch32v30x_it.o
 .debug_ranges  0x0000000000000038       0x40 ./User/display.o
 .debug_ranges  0x0000000000000078       0x48 ./User/key.o
 .debug_ranges  0x00000000000000c0      0x198 ./User/lcd.o
 .debug_ranges  0x0000000000000258       0xa8 ./User/main.o
 .debug_ranges  0x0000000000000300       0x38 ./User/system_ch32v30x.o
 .debug_ranges  0x0000000000000338       0x20 ./User/usart2.o
 .debug_ranges  0x0000000000000358       0x28 ./Startup/startup_ch32v30x_D8C.o
 .debug_ranges  0x0000000000000380       0x50 ./Peripheral/src/ch32v30x_dma.o
 .debug_ranges  0x00000000000003d0       0x40 ./Peripheral/src/ch32v30x_exti.o
 .debug_ranges  0x0000000000000410       0x80 ./Peripheral/src/ch32v30x_fsmc.o
 .debug_ranges  0x0000000000000490       0x98 ./Peripheral/src/ch32v30x_gpio.o
 .debug_ranges  0x0000000000000528       0x48 ./Peripheral/src/ch32v30x_misc.o
 .debug_ranges  0x0000000000000570      0x198 ./Peripheral/src/ch32v30x_rcc.o
 .debug_ranges  0x0000000000000708      0x308 ./Peripheral/src/ch32v30x_tim.o
 .debug_ranges  0x0000000000000a10       0xf0 ./Peripheral/src/ch32v30x_usart.o
 .debug_ranges  0x0000000000000b00       0x38 ./Debug/debug.o

.debug_line     0x0000000000000000     0xfcd9
 .debug_line    0x0000000000000000      0x550 ./User/PWM.o
 .debug_line    0x0000000000000550      0x22e ./User/ch32v30x_it.o
 .debug_line    0x000000000000077e      0x9e7 ./User/display.o
 .debug_line    0x0000000000001165      0xa8e ./User/key.o
 .debug_line    0x0000000000001bf3     0x2ca6 ./User/lcd.o
 .debug_line    0x0000000000004899      0xf75 ./User/main.o
 .debug_line    0x000000000000580e      0x71c ./User/system_ch32v30x.o
 .debug_line    0x0000000000005f2a      0x6fc ./User/usart2.o
 .debug_line    0x0000000000006626      0x356 ./Startup/startup_ch32v30x_D8C.o
 .debug_line    0x000000000000697c      0x9c0 ./Peripheral/src/ch32v30x_dma.o
 .debug_line    0x000000000000733c      0x5c5 ./Peripheral/src/ch32v30x_exti.o
 .debug_line    0x0000000000007901      0xe21 ./Peripheral/src/ch32v30x_fsmc.o
 .debug_line    0x0000000000008722      0xda0 ./Peripheral/src/ch32v30x_gpio.o
 .debug_line    0x00000000000094c2      0x4bf ./Peripheral/src/ch32v30x_misc.o
 .debug_line    0x0000000000009981     0x17e0 ./Peripheral/src/ch32v30x_rcc.o
 .debug_line    0x000000000000b161     0x3404 ./Peripheral/src/ch32v30x_tim.o
 .debug_line    0x000000000000e565     0x1099 ./Peripheral/src/ch32v30x_usart.o
 .debug_line    0x000000000000f5fe      0x6db ./Debug/debug.o

.debug_str      0x0000000000000000     0x382a
 .debug_str     0x0000000000000000      0x9e9 ./User/PWM.o
                                        0xa73 (size before relaxing)
 .debug_str     0x00000000000009e9       0x34 ./User/ch32v30x_it.o
                                        0x59e (size before relaxing)
 .debug_str     0x0000000000000a1d      0x1e5 ./User/display.o
                                        0x791 (size before relaxing)
 .debug_str     0x0000000000000c02      0x7a1 ./User/key.o
                                        0xfbd (size before relaxing)
 .debug_str     0x00000000000013a3      0x579 ./User/lcd.o
                                        0xfd0 (size before relaxing)
 .debug_str     0x000000000000191c      0x3a6 ./User/main.o
                                       0x148e (size before relaxing)
 .debug_str     0x0000000000001cc2       0xef ./User/system_ch32v30x.o
                                        0x698 (size before relaxing)
 .debug_str     0x0000000000001db1       0xb4 ./User/usart2.o
                                        0xb57 (size before relaxing)
 .debug_str     0x0000000000001e65       0x85 ./Startup/startup_ch32v30x_D8C.o
 .debug_str     0x0000000000001eea       0xe3 ./Peripheral/src/ch32v30x_dma.o
                                        0x7db (size before relaxing)
 .debug_str     0x0000000000001fcd       0xbc ./Peripheral/src/ch32v30x_exti.o
                                        0x775 (size before relaxing)
 .debug_str     0x0000000000002089      0x2cf ./Peripheral/src/ch32v30x_fsmc.o
                                        0xab0 (size before relaxing)
 .debug_str     0x0000000000002358      0x20a ./Peripheral/src/ch32v30x_gpio.o
                                        0x959 (size before relaxing)
 .debug_str     0x0000000000002562       0xfa ./Peripheral/src/ch32v30x_misc.o
                                        0xcb3 (size before relaxing)
 .debug_str     0x000000000000265c      0x5b3 ./Peripheral/src/ch32v30x_rcc.o
                                        0xca9 (size before relaxing)
 .debug_str     0x0000000000002c0f      0x8a8 ./Peripheral/src/ch32v30x_tim.o
                                       0x1263 (size before relaxing)
 .debug_str     0x00000000000034b7      0x311 ./Peripheral/src/ch32v30x_usart.o
                                        0xaff (size before relaxing)
 .debug_str     0x00000000000037c8       0x62 ./Debug/debug.o
                                        0x8e7 (size before relaxing)

.comment        0x0000000000000000       0x33
 .comment       0x0000000000000000       0x33 ./User/PWM.o
                                         0x34 (size before relaxing)
 .comment       0x0000000000000033       0x34 ./User/ch32v30x_it.o
 .comment       0x0000000000000033       0x34 ./User/display.o
 .comment       0x0000000000000033       0x34 ./User/key.o
 .comment       0x0000000000000033       0x34 ./User/lcd.o
 .comment       0x0000000000000033       0x34 ./User/main.o
 .comment       0x0000000000000033       0x34 ./User/system_ch32v30x.o
 .comment       0x0000000000000033       0x34 ./User/usart2.o
 .comment       0x0000000000000033       0x34 ./Peripheral/src/ch32v30x_dma.o
 .comment       0x0000000000000033       0x34 ./Peripheral/src/ch32v30x_exti.o
 .comment       0x0000000000000033       0x34 ./Peripheral/src/ch32v30x_fsmc.o
 .comment       0x0000000000000033       0x34 ./Peripheral/src/ch32v30x_gpio.o
 .comment       0x0000000000000033       0x34 ./Peripheral/src/ch32v30x_misc.o
 .comment       0x0000000000000033       0x34 ./Peripheral/src/ch32v30x_rcc.o
 .comment       0x0000000000000033       0x34 ./Peripheral/src/ch32v30x_tim.o
 .comment       0x0000000000000033       0x34 ./Peripheral/src/ch32v30x_usart.o
 .comment       0x0000000000000033       0x34 ./Debug/debug.o

.debug_frame    0x0000000000000000     0x24dc
 .debug_frame   0x0000000000000000       0x68 ./User/PWM.o
 .debug_frame   0x0000000000000068       0x30 ./User/ch32v30x_it.o
 .debug_frame   0x0000000000000098       0xdc ./User/display.o
 .debug_frame   0x0000000000000174       0xa8 ./User/key.o
 .debug_frame   0x000000000000021c      0x484 ./User/lcd.o
 .debug_frame   0x00000000000006a0      0x194 ./User/main.o
 .debug_frame   0x0000000000000834       0x3c ./User/system_ch32v30x.o
 .debug_frame   0x0000000000000870       0x94 ./User/usart2.o
 .debug_frame   0x0000000000000904       0xc0 ./Peripheral/src/ch32v30x_dma.o
 .debug_frame   0x00000000000009c4       0x90 ./Peripheral/src/ch32v30x_exti.o
 .debug_frame   0x0000000000000a54      0x100 ./Peripheral/src/ch32v30x_fsmc.o
 .debug_frame   0x0000000000000b54      0x150 ./Peripheral/src/ch32v30x_gpio.o
 .debug_frame   0x0000000000000ca4       0x30 ./Peripheral/src/ch32v30x_misc.o
 .debug_frame   0x0000000000000cd4      0x340 ./Peripheral/src/ch32v30x_rcc.o
 .debug_frame   0x0000000000001014      0x66c ./Peripheral/src/ch32v30x_tim.o
 .debug_frame   0x0000000000001680      0x210 ./Peripheral/src/ch32v30x_usart.o
 .debug_frame   0x0000000000001890       0xa4 ./Debug/debug.o
 .debug_frame   0x0000000000001934       0x40 d:/mrs/mounriver/mounriver_studio/toolchain/risc-v embedded gcc/bin/../lib/gcc/riscv-none-embed/8.2.0/rv32imac/ilp32\libgcc.a(addsf3.o)
 .debug_frame   0x0000000000001974       0x50 d:/mrs/mounriver/mounriver_studio/toolchain/risc-v embedded gcc/bin/../lib/gcc/riscv-none-embed/8.2.0/rv32imac/ilp32\libgcc.a(divsf3.o)
 .debug_frame   0x00000000000019c4       0x50 d:/mrs/mounriver/mounriver_studio/toolchain/risc-v embedded gcc/bin/../lib/gcc/riscv-none-embed/8.2.0/rv32imac/ilp32\libgcc.a(mulsf3.o)
 .debug_frame   0x0000000000001a14       0x20 d:/mrs/mounriver/mounriver_studio/toolchain/risc-v embedded gcc/bin/../lib/gcc/riscv-none-embed/8.2.0/rv32imac/ilp32\libgcc.a(fixunssfsi.o)
 .debug_frame   0x0000000000001a34       0x20 d:/mrs/mounriver/mounriver_studio/toolchain/risc-v embedded gcc/bin/../lib/gcc/riscv-none-embed/8.2.0/rv32imac/ilp32\libgcc.a(_clzsi2.o)
 .debug_frame   0x0000000000001a54       0x54 d:/mrs/mounriver/mounriver_studio/toolchain/risc-v embedded gcc/bin/../lib/gcc/riscv-none-embed/8.2.0/../../../../riscv-none-embed/lib/rv32imac/ilp32\libg_nano.a(lib_a-printf.o)
 .debug_frame   0x0000000000001aa8       0x48 d:/mrs/mounriver/mounriver_studio/toolchain/risc-v embedded gcc/bin/../lib/gcc/riscv-none-embed/8.2.0/../../../../riscv-none-embed/lib/rv32imac/ilp32\libg_nano.a(lib_a-vsnprintf.o)
 .debug_frame   0x0000000000001af0      0x148 d:/mrs/mounriver/mounriver_studio/toolchain/risc-v embedded gcc/bin/../lib/gcc/riscv-none-embed/8.2.0/../../../../riscv-none-embed/lib/rv32imac/ilp32\libg_nano.a(lib_a-findfp.o)
 .debug_frame   0x0000000000001c38       0x88 d:/mrs/mounriver/mounriver_studio/toolchain/risc-v embedded gcc/bin/../lib/gcc/riscv-none-embed/8.2.0/../../../../riscv-none-embed/lib/rv32imac/ilp32\libg_nano.a(lib_a-fwalk.o)
 .debug_frame   0x0000000000001cc0       0x40 d:/mrs/mounriver/mounriver_studio/toolchain/risc-v embedded gcc/bin/../lib/gcc/riscv-none-embed/8.2.0/../../../../riscv-none-embed/lib/rv32imac/ilp32\libg_nano.a(lib_a-nano-mallocr.o)
 .debug_frame   0x0000000000001d00       0xe0 d:/mrs/mounriver/mounriver_studio/toolchain/risc-v embedded gcc/bin/../lib/gcc/riscv-none-embed/8.2.0/../../../../riscv-none-embed/lib/rv32imac/ilp32\libg_nano.a(lib_a-nano-svfprintf.o)
 .debug_frame   0x0000000000001de0       0xd0 d:/mrs/mounriver/mounriver_studio/toolchain/risc-v embedded gcc/bin/../lib/gcc/riscv-none-embed/8.2.0/../../../../riscv-none-embed/lib/rv32imac/ilp32\libg_nano.a(lib_a-nano-vfprintf.o)
 .debug_frame   0x0000000000001eb0       0x8c d:/mrs/mounriver/mounriver_studio/toolchain/risc-v embedded gcc/bin/../lib/gcc/riscv-none-embed/8.2.0/../../../../riscv-none-embed/lib/rv32imac/ilp32\libg_nano.a(lib_a-nano-vfprintf_i.o)
 .debug_frame   0x0000000000001f3c       0x30 d:/mrs/mounriver/mounriver_studio/toolchain/risc-v embedded gcc/bin/../lib/gcc/riscv-none-embed/8.2.0/../../../../riscv-none-embed/lib/rv32imac/ilp32\libg_nano.a(lib_a-sbrkr.o)
 .debug_frame   0x0000000000001f6c       0xa4 d:/mrs/mounriver/mounriver_studio/toolchain/risc-v embedded gcc/bin/../lib/gcc/riscv-none-embed/8.2.0/../../../../riscv-none-embed/lib/rv32imac/ilp32\libg_nano.a(lib_a-stdio.o)
 .debug_frame   0x0000000000002010       0x50 d:/mrs/mounriver/mounriver_studio/toolchain/risc-v embedded gcc/bin/../lib/gcc/riscv-none-embed/8.2.0/../../../../riscv-none-embed/lib/rv32imac/ilp32\libg_nano.a(lib_a-wbuf.o)
 .debug_frame   0x0000000000002060       0x30 d:/mrs/mounriver/mounriver_studio/toolchain/risc-v embedded gcc/bin/../lib/gcc/riscv-none-embed/8.2.0/../../../../riscv-none-embed/lib/rv32imac/ilp32\libg_nano.a(lib_a-writer.o)
 .debug_frame   0x0000000000002090       0x3c d:/mrs/mounriver/mounriver_studio/toolchain/risc-v embedded gcc/bin/../lib/gcc/riscv-none-embed/8.2.0/../../../../riscv-none-embed/lib/rv32imac/ilp32\libg_nano.a(lib_a-wsetup.o)
 .debug_frame   0x00000000000020cc       0x30 d:/mrs/mounriver/mounriver_studio/toolchain/risc-v embedded gcc/bin/../lib/gcc/riscv-none-embed/8.2.0/../../../../riscv-none-embed/lib/rv32imac/ilp32\libg_nano.a(lib_a-closer.o)
 .debug_frame   0x00000000000020fc       0x7c d:/mrs/mounriver/mounriver_studio/toolchain/risc-v embedded gcc/bin/../lib/gcc/riscv-none-embed/8.2.0/../../../../riscv-none-embed/lib/rv32imac/ilp32\libg_nano.a(lib_a-fflush.o)
 .debug_frame   0x0000000000002178       0x30 d:/mrs/mounriver/mounriver_studio/toolchain/risc-v embedded gcc/bin/../lib/gcc/riscv-none-embed/8.2.0/../../../../riscv-none-embed/lib/rv32imac/ilp32\libg_nano.a(lib_a-lseekr.o)
 .debug_frame   0x00000000000021a8       0x64 d:/mrs/mounriver/mounriver_studio/toolchain/risc-v embedded gcc/bin/../lib/gcc/riscv-none-embed/8.2.0/../../../../riscv-none-embed/lib/rv32imac/ilp32\libg_nano.a(lib_a-makebuf.o)
 .debug_frame   0x000000000000220c       0x20 d:/mrs/mounriver/mounriver_studio/toolchain/risc-v embedded gcc/bin/../lib/gcc/riscv-none-embed/8.2.0/../../../../riscv-none-embed/lib/rv32imac/ilp32\libg_nano.a(lib_a-memchr.o)
 .debug_frame   0x000000000000222c       0x20 d:/mrs/mounriver/mounriver_studio/toolchain/risc-v embedded gcc/bin/../lib/gcc/riscv-none-embed/8.2.0/../../../../riscv-none-embed/lib/rv32imac/ilp32\libg_nano.a(lib_a-memcpy.o)
 .debug_frame   0x000000000000224c       0x20 d:/mrs/mounriver/mounriver_studio/toolchain/risc-v embedded gcc/bin/../lib/gcc/riscv-none-embed/8.2.0/../../../../riscv-none-embed/lib/rv32imac/ilp32\libg_nano.a(lib_a-memmove.o)
 .debug_frame   0x000000000000226c       0x30 d:/mrs/mounriver/mounriver_studio/toolchain/risc-v embedded gcc/bin/../lib/gcc/riscv-none-embed/8.2.0/../../../../riscv-none-embed/lib/rv32imac/ilp32\libg_nano.a(lib_a-mlock.o)
 .debug_frame   0x000000000000229c       0x40 d:/mrs/mounriver/mounriver_studio/toolchain/risc-v embedded gcc/bin/../lib/gcc/riscv-none-embed/8.2.0/../../../../riscv-none-embed/lib/rv32imac/ilp32\libg_nano.a(lib_a-nano-freer.o)
 .debug_frame   0x00000000000022dc       0x40 d:/mrs/mounriver/mounriver_studio/toolchain/risc-v embedded gcc/bin/../lib/gcc/riscv-none-embed/8.2.0/../../../../riscv-none-embed/lib/rv32imac/ilp32\libg_nano.a(lib_a-nano-reallocr.o)
 .debug_frame   0x000000000000231c       0x30 d:/mrs/mounriver/mounriver_studio/toolchain/risc-v embedded gcc/bin/../lib/gcc/riscv-none-embed/8.2.0/../../../../riscv-none-embed/lib/rv32imac/ilp32\libg_nano.a(lib_a-readr.o)
 .debug_frame   0x000000000000234c       0x70 d:/mrs/mounriver/mounriver_studio/toolchain/risc-v embedded gcc/bin/../lib/gcc/riscv-none-embed/8.2.0/../../../../riscv-none-embed/lib/rv32imac/ilp32\libg_nano.a(lib_a-reent.o)
 .debug_frame   0x00000000000023bc       0x30 d:/mrs/mounriver/mounriver_studio/toolchain/risc-v embedded gcc/bin/../lib/gcc/riscv-none-embed/8.2.0/../../../../riscv-none-embed/lib/rv32imac/ilp32\libg_nano.a(lib_a-fstatr.o)
 .debug_frame   0x00000000000023ec       0x30 d:/mrs/mounriver/mounriver_studio/toolchain/risc-v embedded gcc/bin/../lib/gcc/riscv-none-embed/8.2.0/../../../../riscv-none-embed/lib/rv32imac/ilp32\libg_nano.a(lib_a-isattyr.o)
 .debug_frame   0x000000000000241c       0x20 d:/mrs/mounriver/mounriver_studio/toolchain/risc-v embedded gcc/bin/../lib/gcc/riscv-none-embed/8.2.0/../../../../riscv-none-embed/lib/rv32imac/ilp32\libg_nano.a(lib_a-nano-msizer.o)
 .debug_frame   0x000000000000243c       0x20 d:/mrs/mounriver/mounriver_studio/toolchain/risc-v embedded gcc/bin/../lib/gcc/riscv-none-embed/8.2.0/../../../../riscv-none-embed/lib/rv32imac/ilp32\libnosys.a(close.o)
 .debug_frame   0x000000000000245c       0x20 d:/mrs/mounriver/mounriver_studio/toolchain/risc-v embedded gcc/bin/../lib/gcc/riscv-none-embed/8.2.0/../../../../riscv-none-embed/lib/rv32imac/ilp32\libnosys.a(fstat.o)
 .debug_frame   0x000000000000247c       0x20 d:/mrs/mounriver/mounriver_studio/toolchain/risc-v embedded gcc/bin/../lib/gcc/riscv-none-embed/8.2.0/../../../../riscv-none-embed/lib/rv32imac/ilp32\libnosys.a(isatty.o)
 .debug_frame   0x000000000000249c       0x20 d:/mrs/mounriver/mounriver_studio/toolchain/risc-v embedded gcc/bin/../lib/gcc/riscv-none-embed/8.2.0/../../../../riscv-none-embed/lib/rv32imac/ilp32\libnosys.a(lseek.o)
 .debug_frame   0x00000000000024bc       0x20 d:/mrs/mounriver/mounriver_studio/toolchain/risc-v embedded gcc/bin/../lib/gcc/riscv-none-embed/8.2.0/../../../../riscv-none-embed/lib/rv32imac/ilp32\libnosys.a(read.o)

.stab           0x0000000000000000       0x84
 .stab          0x0000000000000000       0x24 d:/mrs/mounriver/mounriver_studio/toolchain/risc-v embedded gcc/bin/../lib/gcc/riscv-none-embed/8.2.0/../../../../riscv-none-embed/lib/rv32imac/ilp32\libnosys.a(close.o)
 .stab          0x0000000000000024       0x18 d:/mrs/mounriver/mounriver_studio/toolchain/risc-v embedded gcc/bin/../lib/gcc/riscv-none-embed/8.2.0/../../../../riscv-none-embed/lib/rv32imac/ilp32\libnosys.a(fstat.o)
                                         0x24 (size before relaxing)
 .stab          0x000000000000003c       0x18 d:/mrs/mounriver/mounriver_studio/toolchain/risc-v embedded gcc/bin/../lib/gcc/riscv-none-embed/8.2.0/../../../../riscv-none-embed/lib/rv32imac/ilp32\libnosys.a(isatty.o)
                                         0x24 (size before relaxing)
 .stab          0x0000000000000054       0x18 d:/mrs/mounriver/mounriver_studio/toolchain/risc-v embedded gcc/bin/../lib/gcc/riscv-none-embed/8.2.0/../../../../riscv-none-embed/lib/rv32imac/ilp32\libnosys.a(lseek.o)
                                         0x24 (size before relaxing)
 .stab          0x000000000000006c       0x18 d:/mrs/mounriver/mounriver_studio/toolchain/risc-v embedded gcc/bin/../lib/gcc/riscv-none-embed/8.2.0/../../../../riscv-none-embed/lib/rv32imac/ilp32\libnosys.a(read.o)
                                         0x24 (size before relaxing)

.stabstr        0x0000000000000000      0x117
 .stabstr       0x0000000000000000      0x117 d:/mrs/mounriver/mounriver_studio/toolchain/risc-v embedded gcc/bin/../lib/gcc/riscv-none-embed/8.2.0/../../../../riscv-none-embed/lib/rv32imac/ilp32\libnosys.a(close.o)
